Archive member included because of file (symbol)

C:\PROGRA~2\KPIT\GNURL7~1.02-\rl78-elf/rl78-elf/lib/g14\liboptc.a(strlen.o)
                              ./src/lcd.o (strlen)

Allocating common symbols
Common symbol       size              file

g_uart1_rx_length   0x2               ./src/r_cg_serial.o
g_uart1_rx_count    0x2               ./src/r_cg_serial.o
prev_gate_status    0x2               ./src/adc.o
uart1RxFlag         0x1               ./src/adc.o
timer_adc_reader_10Hz_interrupt
                    0x1               ./src/adc.o
latest_current_reading
                    0x1               ./src/adc.o
gate_status         0x2               ./src/adc.o
ctrlMode            0x2               ./src/adc.o
uart1RxBuf          0x10              ./src/adc.o
check_btns          0x2               ./src/adc.o
switch_edge         0x2               ./src/adc.o
ADC_done            0x1               ./src/adc.o
gate_cmd            0x1               ./src/adc.o
gp_uart1_rx_address
                    0x2               ./src/r_cg_serial.o
pwm_counter         0x2               ./src/adc.o
uart1RxCnt          0x2               ./src/adc.o
INTAD_FSM_state     0x1               ./src/adc.o
ir_rxMessage        0x2               ./src/adc.o
collision_det_counter
                    0x1               ./src/adc.o
auto_close          0x1               ./src/adc.o
adc_ready           0x1               ./src/adc.o
gp_uart1_tx_address
                    0x2               ./src/r_cg_serial.o
dataReady           0x1               ./src/adc.o
collision_det       0x1               ./src/adc.o
uart1TxFlag         0x1               ./src/adc.o
myCounter           0x2               ./src/adc.o
uart1Status         0x2               ./src/adc.o
ADC_value           0x8               ./src/adc.o
ADC_counter         0x1               ./src/adc.o
g_uart1_tx_count    0x2               ./src/r_cg_serial.o
auto_close_cntr     0x1               ./src/adc.o
uart1TxBuf          0x10              ./src/adc.o
dataPrint           0x1               ./src/adc.o
dataResponse        0x1               ./src/adc.o
time_now            0x7               ./src/adc.o
pwm_edge            0x2               ./src/adc.o
initial_current     0x1               ./src/adc.o
uart1TxCnt          0x2               ./src/adc.o
myBuffer            0x10              ./src/adc.o

Memory Configuration

Name             Origin             Length             Attributes
VEC              0x00000000         0x00000004
IVEC             0x00000004         0x000000bc
OPT              0x000000c0         0x00000004
SEC_ID           0x000000c4         0x0000000a
OCDSTAD          0x000000ce         0x0000000a
OCDROM           0x0000fe00         0x00000200
ROM              0x000000d8         0x0000fd28
MIRROR           0x000f2000         0x0000c8ff
RAM              0x000fe900         0x000015ff
*default*        0x00000000         0xffffffff

Linker script and memory map


.vec            0x00000000        0x4
 *(.vec)
 .vec           0x00000000        0x4 ./src/r_cg_vector_table.o
                0x00000000                HardwareVectors

.vects          0x00000004       0x7c
 *(.vects)
 .vects         0x00000004       0x7c ./src/r_cg_vector_table.o
                0x00000004                Vectors

.option_bytes   0x000000c0        0x4
 *(.option_bytes)
 .option_bytes  0x000000c0        0x4 ./src/r_cg_vector_table.o
                0x000000c0                Option_Bytes

.security_id    0x000000c4        0xa
 *(.security_id)
 .security_id   0x000000c4        0xa ./src/r_cg_vector_table.o
                0x000000c4                Security_Id

.lowtext        0x000000d8        0x0
 *(.plt)
 .plt           0x000000d8        0x0 ./src/adc.o
 *(.lowtext)
                0x000000d8                . = ALIGN (0x2)

.tors           0x000000d8        0x0
                0x000000d8                __CTOR_LIST__ = .
                0x000000d8                . = ALIGN (0x2)
                0x000000d8                ___ctors = .
 *(.ctors)
                0x000000d8                ___ctors_end = .
                0x000000d8                __CTOR_END__ = .
                0x000000d8                __DTOR_LIST__ = .
                0x000000d8                ___dtors = .
 *(.dtors)
                0x000000d8                ___dtors_end = .
                0x000000d8                __DTOR_END__ = .
                0x000000d8                _mdata = .

.text           0x000000dc     0x353c
 *(.text)
 .text          0x000000dc      0x1c2 ./src/adc.o
                0x000000dc                ADC
                0x00000266                adc_get_reading
 .text          0x0000029e      0xb46 ./src/global.o
                0x0000029e                core
                0x000002ce                init
                0x00000380                mtrBtn
                0x000004a7                boardBtn
                0x00000575                IRtoLCD
                0x000005d8                uartReceive
                0x000008d4                uartSend
                0x000008e5                pwm
                0x0000096b                msDelay
                0x0000099b                echo
                0x000009b8                echoData
                0x000009de                bufferToLCD
                0x00000ac8                openGate
                0x00000b07                closeGate
                0x00000b59                stopGate
                0x00000b81                setRTC
                0x00000c7b                sendRTC
                0x00000d18                buzzerBeep
                0x00000d51                toHex
                0x00000d74                toBCD
 .text          0x00000de4      0x214 ./src/infrared.o
                0x00000de4                IRcmd
                0x00000e90                receive
 .text          0x00000ff8      0x664 ./src/lcd.o
                0x00000ff8                startTMR0
                0x00001033                delayNoInt
                0x00001065                writeByteLcd
                0x00001096                writeNibbleLcd
                0x00001198                initLcd
                0x00001286                testLCDConnections
                0x000013ca                lcd_clear
                0x0000141e                print_lcd
                0x000014c2                delay
                0x000014d9                word_to_ascii
                0x00001540                welcome
 .text          0x0000165c      0x283 ./src/r_cg_adc.o
                0x0000165c                R_ADC_Create
                0x000017f4                R_ADC_Start
                0x00001840                R_ADC_Stop
                0x0000188c                R_ADC_Set_OperationOn
                0x000018a6                R_ADC_Set_OperationOff
                0x000018c0                R_ADC_Get_Result
 .text          0x000018df        0xf ./src/r_cg_adc_user.o
                0x000018df                r_adc_interrupt
 .text          0x000018ee       0xbe ./src/r_cg_cgc.o
                0x000018ee                R_CGC_Create
 .text          0x000019ac        0x0 ./src/r_cg_cgc_user.o
 .text          0x000019ac      0x32e ./src/r_cg_intc.o
                0x000019ac                R_INTC_Create
                0x00001c74                R_INTC7_Start
                0x00001ca7                R_INTC7_Stop
 .text          0x00001cda       0x27 ./src/r_cg_intc_user.o
                0x00001cda                r_intc7_interrupt
 .text          0x00001d01       0x9b ./src/r_cg_pclbuz.o
                0x00001d01                R_PCLBUZ0_Create
                0x00001d68                R_PCLBUZ0_Start
                0x00001d82                R_PCLBUZ0_Stop
 .text          0x00001d9c        0x0 ./src/r_cg_pclbuz_user.o
 .text          0x00001d9c       0xb3 ./src/r_cg_port.o
                0x00001d9c                R_PORT_Create
 .text          0x00001e4f        0x0 ./src/r_cg_port_user.o
 .text          0x00001e4f      0x43b ./src/r_cg_rtc.o
                0x00001e4f                R_RTC_Create
                0x00001f5d                R_RTC_Start
                0x00001f77                R_RTC_Stop
                0x00001f91                R_RTC_Get_CounterValue
                0x00002120                R_RTC_Set_CounterValue
 .text          0x0000228a        0x0 ./src/r_cg_rtc_user.o
 .text          0x0000228a      0x566 ./src/r_cg_serial.o
                0x0000228a                R_SAU0_Create
                0x000022bc                R_UART1_Create
                0x0000258f                R_UART1_Start
                0x00002672                R_UART1_Stop
                0x0000272b                R_UART1_Receive
                0x0000275d                R_UART1_Send
 .text          0x000027f0      0x143 ./src/r_cg_serial_user.o
                0x000027f0                r_uart1_interrupt_receive
                0x000028c4                r_uart1_interrupt_send
 .text          0x00002933      0xb23 ./src/r_cg_timer.o
                0x00002933                R_TAU0_Create
                0x00002e42                R_TAU0_Channel0_Start
                0x00002e9d                R_TAU0_Channel0_Stop
                0x00002ef8                R_TAU0_Channel1_Lower8bits_Start
                0x00002f53                R_TAU0_Channel1_Lower8bits_Stop
                0x00002fae                R_TAU0_Channel2_Start
                0x00003009                R_TAU0_Channel2_Stop
                0x00003064                R_TAU0_Channel3_Start
                0x000030bf                R_TAU0_Channel3_Stop
                0x0000311a                R_TMR_RD0_Create
                0x00003332                R_TMR_RD0_Start
                0x000033c4                R_TMR_RD0_Stop
 .text          0x00003456       0xbe ./src/r_cg_timer_user.o
                0x00003456                r_tau0_channel0_interrupt
                0x00003462                r_tau0_channel1_interrupt
                0x000034b9                r_tau0_channel2_interrupt
                0x000034c9                r_tau0_channel3_interrupt
                0x00003508                r_tmr_rd0_interrupt
 .text          0x00003514        0xc ./src/r_cg_vector_table.o
                0x00003514                R_Dummy
 .text          0x00003520       0x60 ./src/r_hardware_setup.o
                0x00003520                R_Systeminit
                0x0000356f                HardwareSetup
 .text          0x00003580        0xe ./src/r_main.o
                0x00003580                main
                0x00003589                R_MAIN_UserInit
 .text          0x0000358e       0x60 ./src/r_reset_program.o
                0x00003590                PowerON_Reset
 .text          0x000035ee       0x29 C:\PROGRA~2\KPIT\GNURL7~1.02-\rl78-elf/rl78-elf/lib/g14\liboptc.a(strlen.o)
                0x000035ee                strlen
 *(.text.*)
                0x00003617                etext = .
                0x00003618                . = ALIGN (0x2)
 *fill*         0x00003617        0x1 

.init
 *(.init)

.fini
 *(.fini)

.got
 *(.got)
 *(.got.plt)

.rodata         0x00003618       0x79
                0x00003618                . = ALIGN (0x2)
 *(.rodata)
 .rodata        0x00003618       0x10 ./src/adc.o
 .rodata        0x00003628       0x69 ./src/global.o
 *(.rodata.*)
                0x00003691                _erodata = .

.eh_frame_hdr
 *(.eh_frame_hdr)

.eh_frame
 *(.eh_frame)

.jcr            0x00003691        0x1
 *(.jcr)
                0x00003692                . = ALIGN (0x2)
 *fill*         0x00003691        0x1 

.data           0x000fe900        0x4 load address 0x000000d8
                0x000fe900                . = ALIGN (0x2)
                0x000fe900                _data = .
 *(.data)
 .data          0x000fe900        0x0 ./src/adc.o
 .data          0x000fe900        0x0 ./src/global.o
 .data          0x000fe900        0x3 ./src/infrared.o
 .data          0x000fe903        0x0 ./src/lcd.o
 .data          0x000fe903        0x0 ./src/r_cg_adc.o
 .data          0x000fe903        0x0 ./src/r_cg_adc_user.o
 .data          0x000fe903        0x0 ./src/r_cg_cgc.o
 .data          0x000fe903        0x0 ./src/r_cg_cgc_user.o
 .data          0x000fe903        0x0 ./src/r_cg_intc.o
 .data          0x000fe903        0x0 ./src/r_cg_intc_user.o
 .data          0x000fe903        0x0 ./src/r_cg_pclbuz.o
 .data          0x000fe903        0x0 ./src/r_cg_pclbuz_user.o
 .data          0x000fe903        0x0 ./src/r_cg_port.o
 .data          0x000fe903        0x0 ./src/r_cg_port_user.o
 .data          0x000fe903        0x0 ./src/r_cg_rtc.o
 .data          0x000fe903        0x0 ./src/r_cg_rtc_user.o
 .data          0x000fe903        0x0 ./src/r_cg_serial.o
 .data          0x000fe903        0x0 ./src/r_cg_serial_user.o
 .data          0x000fe903        0x0 ./src/r_cg_timer.o
 .data          0x000fe903        0x0 ./src/r_cg_timer_user.o
 .data          0x000fe903        0x0 ./src/r_cg_vector_table.o
 .data          0x000fe903        0x0 ./src/r_hardware_setup.o
 .data          0x000fe903        0x0 ./src/r_main.o
 .data          0x000fe903        0x0 ./src/r_reset_program.o
 .data          0x000fe903        0x0 C:\PROGRA~2\KPIT\GNURL7~1.02-\rl78-elf/rl78-elf/lib/g14\liboptc.a(strlen.o)
 *(.data.*)
                0x000fe904                . = ALIGN (0x2)
 *fill*         0x000fe903        0x1 
                0x000fe904                _edata = .
                0x00000004                PROVIDE (__romdatacopysize, SIZEOF (.data))

.bss            0x000fe904       0x78 load address 0x000000dc
                0x000fe904                . = ALIGN (0x2)
                0x000fe904                _bss = .
 *(.bss)
 .bss           0x000fe904        0x0 ./src/adc.o
 .bss           0x000fe904        0x0 ./src/global.o
 .bss           0x000fe904        0x2 ./src/infrared.o
 .bss           0x000fe906        0x0 ./src/lcd.o
 .bss           0x000fe906        0x0 ./src/r_cg_adc.o
 .bss           0x000fe906        0x0 ./src/r_cg_adc_user.o
 .bss           0x000fe906        0x0 ./src/r_cg_cgc.o
 .bss           0x000fe906        0x0 ./src/r_cg_cgc_user.o
 .bss           0x000fe906        0x0 ./src/r_cg_intc.o
 .bss           0x000fe906        0x0 ./src/r_cg_intc_user.o
 .bss           0x000fe906        0x0 ./src/r_cg_pclbuz.o
 .bss           0x000fe906        0x0 ./src/r_cg_pclbuz_user.o
 .bss           0x000fe906        0x0 ./src/r_cg_port.o
 .bss           0x000fe906        0x0 ./src/r_cg_port_user.o
 .bss           0x000fe906        0x0 ./src/r_cg_rtc.o
 .bss           0x000fe906        0x0 ./src/r_cg_rtc_user.o
 .bss           0x000fe906        0x0 ./src/r_cg_serial.o
 .bss           0x000fe906        0x0 ./src/r_cg_serial_user.o
 .bss           0x000fe906        0x0 ./src/r_cg_timer.o
 .bss           0x000fe906        0x0 ./src/r_cg_timer_user.o
 .bss           0x000fe906        0x0 ./src/r_cg_vector_table.o
 .bss           0x000fe906        0x0 ./src/r_hardware_setup.o
 .bss           0x000fe906        0x0 ./src/r_main.o
 .bss           0x000fe906        0x0 ./src/r_reset_program.o
 .bss           0x000fe906        0x0 C:\PROGRA~2\KPIT\GNURL7~1.02-\rl78-elf/rl78-elf/lib/g14\liboptc.a(strlen.o)
 *(.bss.**)
                0x000fe906                . = ALIGN (0x2)
 *(COMMON)
 COMMON         0x000fe906       0x6c ./src/adc.o
                0x000fe906                prev_gate_status
                0x000fe908                uart1RxFlag
                0x000fe909                timer_adc_reader_10Hz_interrupt
                0x000fe90a                latest_current_reading
                0x000fe90c                gate_status
                0x000fe90e                ctrlMode
                0x000fe910                uart1RxBuf
                0x000fe920                check_btns
                0x000fe922                switch_edge
                0x000fe924                ADC_done
                0x000fe925                gate_cmd
                0x000fe926                pwm_counter
                0x000fe928                uart1RxCnt
                0x000fe92a                INTAD_FSM_state
                0x000fe92c                ir_rxMessage
                0x000fe92e                collision_det_counter
                0x000fe92f                auto_close
                0x000fe930                adc_ready
                0x000fe931                dataReady
                0x000fe932                collision_det
                0x000fe933                uart1TxFlag
                0x000fe934                myCounter
                0x000fe936                uart1Status
                0x000fe938                ADC_value
                0x000fe940                ADC_counter
                0x000fe941                auto_close_cntr
                0x000fe942                uart1TxBuf
                0x000fe952                dataPrint
                0x000fe953                dataResponse
                0x000fe954                time_now
                0x000fe95c                pwm_edge
                0x000fe95e                initial_current
                0x000fe960                uart1TxCnt
                0x000fe962                myBuffer
 COMMON         0x000fe972        0xa ./src/r_cg_serial.o
                0x000fe972                g_uart1_rx_length
                0x000fe974                g_uart1_rx_count
                0x000fe976                gp_uart1_rx_address
                0x000fe978                gp_uart1_tx_address
                0x000fe97a                g_uart1_tx_count
                0x000fe97c                . = ALIGN (0x2)
                0x000fe97c                _ebss = .
                0x000fe97c                _end = .
                0x00000064                PROVIDE (stack_size, 0x64)

.stack          0x000ffedc        0x0
                0x000ffedc                _stack = .
                0x00000001                ASSERT ((_stack > (_end + stack_size)), Error: Too much data - no room left for the stack)
LOAD ./src/adc.o
LOAD ./src/global.o
LOAD ./src/infrared.o
LOAD ./src/lcd.o
LOAD ./src/r_cg_adc.o
LOAD ./src/r_cg_adc_user.o
LOAD ./src/r_cg_cgc.o
LOAD ./src/r_cg_cgc_user.o
LOAD ./src/r_cg_intc.o
LOAD ./src/r_cg_intc_user.o
LOAD ./src/r_cg_pclbuz.o
LOAD ./src/r_cg_pclbuz_user.o
LOAD ./src/r_cg_port.o
LOAD ./src/r_cg_port_user.o
LOAD ./src/r_cg_rtc.o
LOAD ./src/r_cg_rtc_user.o
LOAD ./src/r_cg_serial.o
LOAD ./src/r_cg_serial_user.o
LOAD ./src/r_cg_timer.o
LOAD ./src/r_cg_timer_user.o
LOAD ./src/r_cg_vector_table.o
LOAD ./src/r_hardware_setup.o
LOAD ./src/r_main.o
LOAD ./src/r_reset_program.o
START GROUP
LOAD C:\PROGRA~2\KPIT\GNURL7~1.02-\rl78-elf/rl78-elf/lib/g14\liboptm.a
LOAD C:\PROGRA~2\KPIT\GNURL7~1.02-\rl78-elf/rl78-elf/lib/g14\liboptc.a
LOAD C:\PROGRA~2\KPIT\GNURL7~1.02-\rl78-elf/lib/gcc/rl78-elf/4.9-GNURL78_v15.02/g14\libgcc.a
END GROUP
OUTPUT(GateController.x elf32-rl78)

.debug_frame    0x00000000      0x9f0
 .debug_frame   0x00000000       0x44 ./src/adc.o
 .debug_frame   0x00000044      0x1c4 ./src/global.o
 .debug_frame   0x00000208       0x44 ./src/infrared.o
 .debug_frame   0x0000024c      0x104 ./src/lcd.o
 .debug_frame   0x00000350       0x74 ./src/r_cg_adc.o
 .debug_frame   0x000003c4       0x40 ./src/r_cg_adc_user.o
 .debug_frame   0x00000404       0x2c ./src/r_cg_cgc.o
 .debug_frame   0x00000430       0x44 ./src/r_cg_intc.o
 .debug_frame   0x00000474       0x5c ./src/r_cg_intc_user.o
 .debug_frame   0x000004d0       0x44 ./src/r_cg_pclbuz.o
 .debug_frame   0x00000514       0x24 ./src/r_cg_port.o
 .debug_frame   0x00000538       0x74 ./src/r_cg_rtc.o
 .debug_frame   0x000005ac       0x94 ./src/r_cg_serial.o
 .debug_frame   0x00000640       0xec ./src/r_cg_serial_user.o
 .debug_frame   0x0000072c      0x100 ./src/r_cg_timer.o
 .debug_frame   0x0000082c      0x114 ./src/r_cg_timer_user.o
 .debug_frame   0x00000940       0x40 ./src/r_cg_vector_table.o
 .debug_frame   0x00000980       0x3c ./src/r_hardware_setup.o
 .debug_frame   0x000009bc       0x34 ./src/r_main.o

.debug_info     0x00000000     0x4ab6
 .debug_info    0x00000000      0x518 ./src/adc.o
 .debug_info    0x00000518      0x89a ./src/global.o
 .debug_info    0x00000db2      0x539 ./src/infrared.o
 .debug_info    0x000012eb      0x501 ./src/lcd.o
 .debug_info    0x000017ec      0x361 ./src/r_cg_adc.o
 .debug_info    0x00001b4d      0x3e0 ./src/r_cg_adc_user.o
 .debug_info    0x00001f2d      0x156 ./src/r_cg_cgc.o
 .debug_info    0x00002083       0x48 ./src/r_cg_cgc_user.o
 .debug_info    0x000020cb      0x3a0 ./src/r_cg_intc.o
 .debug_info    0x0000246b      0x3e0 ./src/r_cg_intc_user.o
 .debug_info    0x0000284b      0x178 ./src/r_cg_pclbuz.o
 .debug_info    0x000029c3       0x48 ./src/r_cg_pclbuz_user.o
 .debug_info    0x00002a0b      0x28f ./src/r_cg_port.o
 .debug_info    0x00002c9a       0x48 ./src/r_cg_port_user.o
 .debug_info    0x00002ce2      0x328 ./src/r_cg_rtc.o
 .debug_info    0x0000300a       0x48 ./src/r_cg_rtc_user.o
 .debug_info    0x00003052      0x483 ./src/r_cg_serial.o
 .debug_info    0x000034d5      0x4b9 ./src/r_cg_serial_user.o
 .debug_info    0x0000398e      0x65c ./src/r_cg_timer.o
 .debug_info    0x00003fea      0x4d2 ./src/r_cg_timer_user.o
 .debug_info    0x000044bc      0x108 ./src/r_cg_vector_table.o
 .debug_info    0x000045c4       0x7d ./src/r_hardware_setup.o
 .debug_info    0x00004641      0x3f1 ./src/r_main.o
 .debug_info    0x00004a32       0x84 ./src/r_reset_program.o

.debug_abbrev   0x00000000     0x12fc
 .debug_abbrev  0x00000000      0x15b ./src/adc.o
 .debug_abbrev  0x0000015b      0x1ec ./src/global.o
 .debug_abbrev  0x00000347      0x12c ./src/infrared.o
 .debug_abbrev  0x00000473      0x1b0 ./src/lcd.o
 .debug_abbrev  0x00000623       0xf1 ./src/r_cg_adc.o
 .debug_abbrev  0x00000714       0xbc ./src/r_cg_adc_user.o
 .debug_abbrev  0x000007d0       0x9a ./src/r_cg_cgc.o
 .debug_abbrev  0x0000086a       0x1b ./src/r_cg_cgc_user.o
 .debug_abbrev  0x00000885       0xcd ./src/r_cg_intc.o
 .debug_abbrev  0x00000952       0xbc ./src/r_cg_intc_user.o
 .debug_abbrev  0x00000a0e       0x8f ./src/r_cg_pclbuz.o
 .debug_abbrev  0x00000a9d       0x1b ./src/r_cg_pclbuz_user.o
 .debug_abbrev  0x00000ab8       0x8f ./src/r_cg_port.o
 .debug_abbrev  0x00000b47       0x1b ./src/r_cg_port_user.o
 .debug_abbrev  0x00000b62      0x13a ./src/r_cg_rtc.o
 .debug_abbrev  0x00000c9c       0x1b ./src/r_cg_rtc_user.o
 .debug_abbrev  0x00000cb7      0x147 ./src/r_cg_serial.o
 .debug_abbrev  0x00000dfe      0x13c ./src/r_cg_serial_user.o
 .debug_abbrev  0x00000f3a      0x115 ./src/r_cg_timer.o
 .debug_abbrev  0x0000104f      0x105 ./src/r_cg_timer_user.o
 .debug_abbrev  0x00001154       0x7c ./src/r_cg_vector_table.o
 .debug_abbrev  0x000011d0       0x5c ./src/r_hardware_setup.o
 .debug_abbrev  0x0000122c       0xbc ./src/r_main.o
 .debug_abbrev  0x000012e8       0x14 ./src/r_reset_program.o

.debug_aranges  0x00000000      0x2e0
 .debug_aranges
                0x00000000       0x20 ./src/adc.o
 .debug_aranges
                0x00000020       0x20 ./src/global.o
 .debug_aranges
                0x00000040       0x20 ./src/infrared.o
 .debug_aranges
                0x00000060       0x20 ./src/lcd.o
 .debug_aranges
                0x00000080       0x20 ./src/r_cg_adc.o
 .debug_aranges
                0x000000a0       0x20 ./src/r_cg_adc_user.o
 .debug_aranges
                0x000000c0       0x20 ./src/r_cg_cgc.o
 .debug_aranges
                0x000000e0       0x18 ./src/r_cg_cgc_user.o
 .debug_aranges
                0x000000f8       0x20 ./src/r_cg_intc.o
 .debug_aranges
                0x00000118       0x20 ./src/r_cg_intc_user.o
 .debug_aranges
                0x00000138       0x20 ./src/r_cg_pclbuz.o
 .debug_aranges
                0x00000158       0x18 ./src/r_cg_pclbuz_user.o
 .debug_aranges
                0x00000170       0x20 ./src/r_cg_port.o
 .debug_aranges
                0x00000190       0x18 ./src/r_cg_port_user.o
 .debug_aranges
                0x000001a8       0x20 ./src/r_cg_rtc.o
 .debug_aranges
                0x000001c8       0x18 ./src/r_cg_rtc_user.o
 .debug_aranges
                0x000001e0       0x20 ./src/r_cg_serial.o
 .debug_aranges
                0x00000200       0x20 ./src/r_cg_serial_user.o
 .debug_aranges
                0x00000220       0x20 ./src/r_cg_timer.o
 .debug_aranges
                0x00000240       0x20 ./src/r_cg_timer_user.o
 .debug_aranges
                0x00000260       0x20 ./src/r_cg_vector_table.o
 .debug_aranges
                0x00000280       0x20 ./src/r_hardware_setup.o
 .debug_aranges
                0x000002a0       0x20 ./src/r_main.o
 .debug_aranges
                0x000002c0       0x20 ./src/r_reset_program.o

.debug_line     0x00000000     0x2305
 .debug_line    0x00000000      0x18c ./src/adc.o
 .debug_line    0x0000018c      0x7e9 ./src/global.o
 .debug_line    0x00000975      0x1b5 ./src/infrared.o
 .debug_line    0x00000b2a      0x3fd ./src/lcd.o
 .debug_line    0x00000f27      0x15c ./src/r_cg_adc.o
 .debug_line    0x00001083       0x9a ./src/r_cg_adc_user.o
 .debug_line    0x0000111d       0xbc ./src/r_cg_cgc.o
 .debug_line    0x000011d9       0x1d ./src/r_cg_cgc_user.o
 .debug_line    0x000011f6      0x135 ./src/r_cg_intc.o
 .debug_line    0x0000132b       0xa7 ./src/r_cg_intc_user.o
 .debug_line    0x000013d2       0x95 ./src/r_cg_pclbuz.o
 .debug_line    0x00001467       0x1d ./src/r_cg_pclbuz_user.o
 .debug_line    0x00001484       0xb1 ./src/r_cg_port.o
 .debug_line    0x00001535       0x1d ./src/r_cg_port_user.o
 .debug_line    0x00001552      0x268 ./src/r_cg_rtc.o
 .debug_line    0x000017ba       0x1d ./src/r_cg_rtc_user.o
 .debug_line    0x000017d7      0x243 ./src/r_cg_serial.o
 .debug_line    0x00001a1a      0x145 ./src/r_cg_serial_user.o
 .debug_line    0x00001b5f      0x368 ./src/r_cg_timer.o
 .debug_line    0x00001ec7      0x116 ./src/r_cg_timer_user.o
 .debug_line    0x00001fdd       0x68 ./src/r_cg_vector_table.o
 .debug_line    0x00002045       0xb6 ./src/r_hardware_setup.o
 .debug_line    0x000020fb       0xab ./src/r_main.o
 .debug_line    0x000021a6      0x15f ./src/r_reset_program.o

.debug_str      0x00000000      0xec4
 .debug_str     0x00000000      0x3af ./src/adc.o
                                0x3e0 (size before relaxing)
 .debug_str     0x000003af      0x187 ./src/global.o
                                0x514 (size before relaxing)
 .debug_str     0x00000536       0x84 ./src/infrared.o
                                0x415 (size before relaxing)
 .debug_str     0x000005ba       0xfe ./src/lcd.o
                                0x279 (size before relaxing)
 .debug_str     0x000006b8       0xbe ./src/r_cg_adc.o
                                0x265 (size before relaxing)
 .debug_str     0x00000776       0x27 ./src/r_cg_adc_user.o
                                0x395 (size before relaxing)
 .debug_str     0x0000079d       0x35 ./src/r_cg_cgc.o
                                0x16d (size before relaxing)
 .debug_str     0x000007d2       0x17 ./src/r_cg_cgc_user.o
                                0x13e (size before relaxing)
 .debug_str     0x000007e9       0x7a ./src/r_cg_intc.o
                                0x209 (size before relaxing)
 .debug_str     0x00000863       0x2a ./src/r_cg_intc_user.o
                                0x398 (size before relaxing)
 .debug_str     0x0000088d       0x2e ./src/r_cg_pclbuz.o
                                0x195 (size before relaxing)
 .debug_str     0x000008bb       0x1a ./src/r_cg_pclbuz_user.o
                                0x141 (size before relaxing)
 .debug_str     0x000008d5       0x5b ./src/r_cg_port.o
                                0x1b4 (size before relaxing)
 .debug_str     0x00000930       0x18 ./src/r_cg_port_user.o
                                0x13f (size before relaxing)
 .debug_str     0x00000948       0xa2 ./src/r_cg_rtc.o
                                0x26c (size before relaxing)
 .debug_str     0x000009ea       0x17 ./src/r_cg_rtc_user.o
                                0x13e (size before relaxing)
 .debug_str     0x00000a01      0x103 ./src/r_cg_serial.o
                                0x2b8 (size before relaxing)
 .debug_str     0x00000b04       0xc9 ./src/r_cg_serial_user.o
                                0x493 (size before relaxing)
 .debug_str     0x00000bcd      0x1bc ./src/r_cg_timer.o
                                0x3cb (size before relaxing)
 .debug_str     0x00000d89       0x95 ./src/r_cg_timer_user.o
                                0x411 (size before relaxing)
 .debug_str     0x00000e1e       0x4c ./src/r_cg_vector_table.o
                                0x18c (size before relaxing)
 .debug_str     0x00000e6a       0x35 ./src/r_hardware_setup.o
                                0x15c (size before relaxing)
 .debug_str     0x00000e9f       0x25 ./src/r_main.o
                                0x393 (size before relaxing)

.comment        0x00000000       0x94
 .comment       0x00000000       0x94 ./src/adc.o
                                 0x95 (size before relaxing)
 .comment       0x00000000       0x95 ./src/global.o
 .comment       0x00000000       0x95 ./src/infrared.o
 .comment       0x00000000       0x95 ./src/lcd.o
 .comment       0x00000000       0x95 ./src/r_cg_adc.o
 .comment       0x00000000       0x95 ./src/r_cg_adc_user.o
 .comment       0x00000000       0x95 ./src/r_cg_cgc.o
 .comment       0x00000000       0x95 ./src/r_cg_cgc_user.o
 .comment       0x00000000       0x95 ./src/r_cg_intc.o
 .comment       0x00000000       0x95 ./src/r_cg_intc_user.o
 .comment       0x00000000       0x95 ./src/r_cg_pclbuz.o
 .comment       0x00000000       0x95 ./src/r_cg_pclbuz_user.o
 .comment       0x00000000       0x95 ./src/r_cg_port.o
 .comment       0x00000000       0x95 ./src/r_cg_port_user.o
 .comment       0x00000000       0x95 ./src/r_cg_rtc.o
 .comment       0x00000000       0x95 ./src/r_cg_rtc_user.o
 .comment       0x00000000       0x95 ./src/r_cg_serial.o
 .comment       0x00000000       0x95 ./src/r_cg_serial_user.o
 .comment       0x00000000       0x95 ./src/r_cg_timer.o
 .comment       0x00000000       0x95 ./src/r_cg_timer_user.o
 .comment       0x00000000       0x95 ./src/r_cg_vector_table.o
 .comment       0x00000000       0x95 ./src/r_hardware_setup.o
 .comment       0x00000000       0x95 ./src/r_main.o
 .comment       0x00000000       0x95 C:\PROGRA~2\KPIT\GNURL7~1.02-\rl78-elf/rl78-elf/lib/g14\liboptc.a(strlen.o)
