Archive member included because of file (symbol)

C:\PROGRA~2\KPIT\GNURL7~1.02-\rl78-elf/rl78-elf/lib/g14\liboptc.a(strlen.o)
                              ./src/lcd.o (strlen)

Allocating common symbols
Common symbol       size              file

g_uart1_rx_length   0x2               ./src/r_cg_serial.o
g_uart1_rx_count    0x2               ./src/r_cg_serial.o
uart1RxOvrFlag      0x1               ./src/global.o
uart1RxFlag         0x1               ./src/global.o
gate_status         0x2               ./src/global.o
uart1RxBuf          0x10              ./src/global.o
check_btns          0x1               ./src/r_cg_timer_user.o
switch_edge         0x1               ./src/r_cg_timer_user.o
gp_uart1_rx_address
                    0x2               ./src/r_cg_serial.o
pwm_counter         0x2               ./src/r_main.o
uart1RxCnt          0x2               ./src/global.o
ir_rxMessage        0x2               ./src/infrared.o
gp_uart1_tx_address
                    0x2               ./src/r_cg_serial.o
dataReady           0x1               ./src/infrared.o
uart1RxErrFlag      0x1               ./src/global.o
mode                0x2               ./src/global.o
uart1TxFlag         0x1               ./src/global.o
uart1Status         0x2               ./src/global.o
g_uart1_tx_count    0x2               ./src/r_cg_serial.o
uart1TxBuf          0x10              ./src/global.o
dataPrint           0x1               ./src/infrared.o
dataResponse        0x1               ./src/infrared.o
time_now            0x7               ./src/global.o
pwm_edge            0x1               ./src/r_cg_timer_user.o
uart1TxCnt          0x2               ./src/global.o
myBuffer            0x10              ./src/r_main.o

Memory Configuration

Name             Origin             Length             Attributes
VEC              0x00000000         0x00000004
IVEC             0x00000004         0x000000bc
OPT              0x000000c0         0x00000004
SEC_ID           0x000000c4         0x0000000a
OCDSTAD          0x000000ce         0x0000000a
OCDROM           0x0000fe00         0x00000200
ROM              0x000000d8         0x0000fd28
MIRROR           0x000f2000         0x0000c8ff
RAM              0x000fe900         0x000015ff
*default*        0x00000000         0xffffffff

Linker script and memory map


.vec            0x00000000        0x4
 *(.vec)
 .vec           0x00000000        0x4 ./src/r_cg_vector_table.o
                0x00000000                HardwareVectors

.vects          0x00000004       0x7c
 *(.vects)
 .vects         0x00000004       0x7c ./src/r_cg_vector_table.o
                0x00000004                Vectors

.option_bytes   0x000000c0        0x4
 *(.option_bytes)
 .option_bytes  0x000000c0        0x4 ./src/r_cg_vector_table.o
                0x000000c0                Option_Bytes

.security_id    0x000000c4        0xa
 *(.security_id)
 .security_id   0x000000c4        0xa ./src/r_cg_vector_table.o
                0x000000c4                Security_Id

.lowtext        0x000000d8        0x0
 *(.plt)
 .plt           0x000000d8        0x0 ./src/infrared.o
 *(.lowtext)
                0x000000d8                . = ALIGN (0x2)

.tors           0x000000d8        0x0
                0x000000d8                __CTOR_LIST__ = .
                0x000000d8                . = ALIGN (0x2)
                0x000000d8                ___ctors = .
 *(.ctors)
                0x000000d8                ___ctors_end = .
                0x000000d8                __CTOR_END__ = .
                0x000000d8                __DTOR_LIST__ = .
                0x000000d8                ___dtors = .
 *(.dtors)
                0x000000d8                ___dtors_end = .
                0x000000d8                __DTOR_END__ = .
                0x000000d8                _mdata = .

.text           0x000000dc     0x3272
 *(.text)
 .text          0x000000dc        0x0 ./src/global.o
 .text          0x000000dc      0x275 ./src/infrared.o
                0x000000dc                receive
                0x00000244                IRcmd
 .text          0x00000351      0x54b ./src/lcd.o
                0x00000351                startTMR0
                0x0000038c                delayNoInt
                0x000003be                writeByteLcd
                0x000003ef                writeNibbleLcd
                0x000004f1                initLcd
                0x000005df                testLCDConnections
                0x00000723                lcd_clear
                0x00000777                print_lcd
                0x0000081e                delay
                0x00000835                word_to_ascii
 .text          0x0000089c      0x283 ./src/r_cg_adc.o
                0x0000089c                R_ADC_Create
                0x00000a34                R_ADC_Start
                0x00000a80                R_ADC_Stop
                0x00000acc                R_ADC_Set_OperationOn
                0x00000ae6                R_ADC_Set_OperationOff
                0x00000b00                R_ADC_Get_Result
 .text          0x00000b1f        0xc ./src/r_cg_adc_user.o
                0x00000b1f                r_adc_interrupt
 .text          0x00000b2b       0xbe ./src/r_cg_cgc.o
                0x00000b2b                R_CGC_Create
 .text          0x00000be9        0x0 ./src/r_cg_cgc_user.o
 .text          0x00000be9      0x32e ./src/r_cg_intc.o
                0x00000be9                R_INTC_Create
                0x00000eb1                R_INTC7_Start
                0x00000ee4                R_INTC7_Stop
 .text          0x00000f17       0x27 ./src/r_cg_intc_user.o
                0x00000f17                r_intc7_interrupt
 .text          0x00000f3e       0x9b ./src/r_cg_pclbuz.o
                0x00000f3e                R_PCLBUZ0_Create
                0x00000fa5                R_PCLBUZ0_Start
                0x00000fbf                R_PCLBUZ0_Stop
 .text          0x00000fd9        0x0 ./src/r_cg_pclbuz_user.o
 .text          0x00000fd9       0xb3 ./src/r_cg_port.o
                0x00000fd9                R_PORT_Create
 .text          0x0000108c        0x0 ./src/r_cg_port_user.o
 .text          0x0000108c      0x409 ./src/r_cg_rtc.o
                0x0000108c                R_RTC_Create
                0x00001168                R_RTC_Start
                0x00001182                R_RTC_Stop
                0x0000119c                R_RTC_Get_CounterValue
                0x0000132b                R_RTC_Set_CounterValue
 .text          0x00001495        0x0 ./src/r_cg_rtc_user.o
 .text          0x00001495      0x566 ./src/r_cg_serial.o
                0x00001495                R_SAU0_Create
                0x000014c7                R_UART1_Create
                0x0000179a                R_UART1_Start
                0x0000187d                R_UART1_Stop
                0x00001936                R_UART1_Receive
                0x00001968                R_UART1_Send
 .text          0x000019fb      0x143 ./src/r_cg_serial_user.o
                0x000019fb                r_uart1_interrupt_receive
                0x00001acf                r_uart1_interrupt_send
 .text          0x00001b3e      0xb23 ./src/r_cg_timer.o
                0x00001b3e                R_TAU0_Create
                0x0000204d                R_TAU0_Channel0_Start
                0x000020a8                R_TAU0_Channel0_Stop
                0x00002103                R_TAU0_Channel1_Lower8bits_Start
                0x0000215e                R_TAU0_Channel1_Lower8bits_Stop
                0x000021b9                R_TAU0_Channel2_Start
                0x00002214                R_TAU0_Channel2_Stop
                0x0000226f                R_TAU0_Channel3_Start
                0x000022ca                R_TAU0_Channel3_Stop
                0x00002325                R_TMR_RD0_Create
                0x0000253d                R_TMR_RD0_Start
                0x000025cf                R_TMR_RD0_Stop
 .text          0x00002661       0x78 ./src/r_cg_timer_user.o
                0x00002661                r_tau0_channel0_interrupt
                0x0000266d                r_tau0_channel1_interrupt
                0x0000267f                r_tau0_channel2_interrupt
                0x0000268e                r_tau0_channel3_interrupt
                0x000026cd                r_tmr_rd0_interrupt
 .text          0x000026d9        0xc ./src/r_cg_vector_table.o
                0x000026d9                R_Dummy
 .text          0x000026e5       0x60 ./src/r_hardware_setup.o
                0x000026e5                R_Systeminit
                0x00002734                HardwareSetup
 .text          0x00002745      0xb7f ./src/r_main.o
                0x00002745                main
                0x00002d76                R_MAIN_UserInit
                0x00002df3                displayCharLCD
                0x00002e0e                welcome
                0x00002f2a                msDelay
                0x00002f5a                echo
                0x00002f77                echoData
                0x00002f9d                toHex
                0x00002fc0                toBCD
                0x00003030                pwm
                0x000030b4                mtrBtn
                0x00003198                boardBtn
 .text          0x000032c4       0x60 ./src/r_reset_program.o
                0x000032c6                PowerON_Reset
 .text          0x00003324       0x29 C:\PROGRA~2\KPIT\GNURL7~1.02-\rl78-elf/rl78-elf/lib/g14\liboptc.a(strlen.o)
                0x00003324                strlen
 *(.text.*)
                0x0000334d                etext = .
                0x0000334e                . = ALIGN (0x2)
 *fill*         0x0000334d        0x1 

.init
 *(.init)

.fini
 *(.fini)

.got
 *(.got)
 *(.got.plt)

.rodata         0x0000334e       0x69
                0x0000334e                . = ALIGN (0x2)
 *(.rodata)
 .rodata        0x0000334e       0x69 ./src/r_main.o
 *(.rodata.*)
                0x000033b7                _erodata = .

.eh_frame_hdr
 *(.eh_frame_hdr)

.eh_frame
 *(.eh_frame)

.jcr            0x000033b7        0x1
 *(.jcr)
                0x000033b8                . = ALIGN (0x2)
 *fill*         0x000033b7        0x1 

.data           0x000fe900        0x4 load address 0x000000d8
                0x000fe900                . = ALIGN (0x2)
                0x000fe900                _data = .
 *(.data)
 .data          0x000fe900        0x0 ./src/global.o
 .data          0x000fe900        0x3 ./src/infrared.o
 .data          0x000fe903        0x0 ./src/lcd.o
 .data          0x000fe903        0x0 ./src/r_cg_adc.o
 .data          0x000fe903        0x0 ./src/r_cg_adc_user.o
 .data          0x000fe903        0x0 ./src/r_cg_cgc.o
 .data          0x000fe903        0x0 ./src/r_cg_cgc_user.o
 .data          0x000fe903        0x0 ./src/r_cg_intc.o
 .data          0x000fe903        0x0 ./src/r_cg_intc_user.o
 .data          0x000fe903        0x0 ./src/r_cg_pclbuz.o
 .data          0x000fe903        0x0 ./src/r_cg_pclbuz_user.o
 .data          0x000fe903        0x0 ./src/r_cg_port.o
 .data          0x000fe903        0x0 ./src/r_cg_port_user.o
 .data          0x000fe903        0x0 ./src/r_cg_rtc.o
 .data          0x000fe903        0x0 ./src/r_cg_rtc_user.o
 .data          0x000fe903        0x0 ./src/r_cg_serial.o
 .data          0x000fe903        0x0 ./src/r_cg_serial_user.o
 .data          0x000fe903        0x0 ./src/r_cg_timer.o
 .data          0x000fe903        0x0 ./src/r_cg_timer_user.o
 .data          0x000fe903        0x0 ./src/r_cg_vector_table.o
 .data          0x000fe903        0x0 ./src/r_hardware_setup.o
 .data          0x000fe903        0x0 ./src/r_main.o
 .data          0x000fe903        0x0 ./src/r_reset_program.o
 .data          0x000fe903        0x0 C:\PROGRA~2\KPIT\GNURL7~1.02-\rl78-elf/rl78-elf/lib/g14\liboptc.a(strlen.o)
 *(.data.*)
                0x000fe904                . = ALIGN (0x2)
 *fill*         0x000fe903        0x1 
                0x000fe904                _edata = .
                0x00000004                PROVIDE (__romdatacopysize, SIZEOF (.data))

.bss            0x000fe904       0x62 load address 0x000000dc
                0x000fe904                . = ALIGN (0x2)
                0x000fe904                _bss = .
 *(.bss)
 .bss           0x000fe904        0x0 ./src/global.o
 .bss           0x000fe904        0x2 ./src/infrared.o
 .bss           0x000fe906        0x0 ./src/lcd.o
 .bss           0x000fe906        0x0 ./src/r_cg_adc.o
 .bss           0x000fe906        0x0 ./src/r_cg_adc_user.o
 .bss           0x000fe906        0x0 ./src/r_cg_cgc.o
 .bss           0x000fe906        0x0 ./src/r_cg_cgc_user.o
 .bss           0x000fe906        0x0 ./src/r_cg_intc.o
 .bss           0x000fe906        0x0 ./src/r_cg_intc_user.o
 .bss           0x000fe906        0x0 ./src/r_cg_pclbuz.o
 .bss           0x000fe906        0x0 ./src/r_cg_pclbuz_user.o
 .bss           0x000fe906        0x0 ./src/r_cg_port.o
 .bss           0x000fe906        0x0 ./src/r_cg_port_user.o
 .bss           0x000fe906        0x0 ./src/r_cg_rtc.o
 .bss           0x000fe906        0x0 ./src/r_cg_rtc_user.o
 .bss           0x000fe906        0x0 ./src/r_cg_serial.o
 .bss           0x000fe906        0x0 ./src/r_cg_serial_user.o
 .bss           0x000fe906        0x0 ./src/r_cg_timer.o
 .bss           0x000fe906        0x0 ./src/r_cg_timer_user.o
 .bss           0x000fe906        0x0 ./src/r_cg_vector_table.o
 .bss           0x000fe906        0x0 ./src/r_hardware_setup.o
 .bss           0x000fe906        0x2 ./src/r_main.o
                0x000fe906                myCounter
 .bss           0x000fe908        0x0 ./src/r_reset_program.o
 .bss           0x000fe908        0x0 C:\PROGRA~2\KPIT\GNURL7~1.02-\rl78-elf/rl78-elf/lib/g14\liboptc.a(strlen.o)
 *(.bss.**)
                0x000fe908                . = ALIGN (0x2)
 *(COMMON)
 COMMON         0x000fe908       0x38 ./src/global.o
                0x000fe908                uart1RxOvrFlag
                0x000fe909                uart1RxFlag
                0x000fe90a                gate_status
                0x000fe90c                uart1RxBuf
                0x000fe91c                uart1RxCnt
                0x000fe91e                uart1RxErrFlag
                0x000fe920                mode
                0x000fe922                uart1TxFlag
                0x000fe924                uart1Status
                0x000fe926                uart1TxBuf
                0x000fe936                time_now
                0x000fe93e                uart1TxCnt
 COMMON         0x000fe940        0x5 ./src/infrared.o
                0x000fe940                ir_rxMessage
                0x000fe942                dataReady
                0x000fe943                dataPrint
                0x000fe944                dataResponse
 *fill*         0x000fe945        0x1 
 COMMON         0x000fe946        0xa ./src/r_cg_serial.o
                0x000fe946                g_uart1_rx_length
                0x000fe948                g_uart1_rx_count
                0x000fe94a                gp_uart1_rx_address
                0x000fe94c                gp_uart1_tx_address
                0x000fe94e                g_uart1_tx_count
 COMMON         0x000fe950        0x3 ./src/r_cg_timer_user.o
                0x000fe950                check_btns
                0x000fe951                switch_edge
                0x000fe952                pwm_edge
 *fill*         0x000fe953        0x1 
 COMMON         0x000fe954       0x12 ./src/r_main.o
                0x000fe954                pwm_counter
                0x000fe956                myBuffer
                0x000fe966                . = ALIGN (0x2)
                0x000fe966                _ebss = .
                0x000fe966                _end = .
                0x00000064                PROVIDE (stack_size, 0x64)

.stack          0x000ffedc        0x0
                0x000ffedc                _stack = .
                0x00000001                ASSERT ((_stack > (_end + stack_size)), Error: Too much data - no room left for the stack)
LOAD ./src/global.o
LOAD ./src/infrared.o
LOAD ./src/lcd.o
LOAD ./src/r_cg_adc.o
LOAD ./src/r_cg_adc_user.o
LOAD ./src/r_cg_cgc.o
LOAD ./src/r_cg_cgc_user.o
LOAD ./src/r_cg_intc.o
LOAD ./src/r_cg_intc_user.o
LOAD ./src/r_cg_pclbuz.o
LOAD ./src/r_cg_pclbuz_user.o
LOAD ./src/r_cg_port.o
LOAD ./src/r_cg_port_user.o
LOAD ./src/r_cg_rtc.o
LOAD ./src/r_cg_rtc_user.o
LOAD ./src/r_cg_serial.o
LOAD ./src/r_cg_serial_user.o
LOAD ./src/r_cg_timer.o
LOAD ./src/r_cg_timer_user.o
LOAD ./src/r_cg_vector_table.o
LOAD ./src/r_hardware_setup.o
LOAD ./src/r_main.o
LOAD ./src/r_reset_program.o
START GROUP
LOAD C:\PROGRA~2\KPIT\GNURL7~1.02-\rl78-elf/rl78-elf/lib/g14\liboptm.a
LOAD C:\PROGRA~2\KPIT\GNURL7~1.02-\rl78-elf/rl78-elf/lib/g14\liboptc.a
LOAD C:\PROGRA~2\KPIT\GNURL7~1.02-\rl78-elf/lib/gcc/rl78-elf/4.9-GNURL78_v15.02/g14\libgcc.a
END GROUP
OUTPUT(GateController.x elf32-rl78)

.debug_info     0x00000000     0x4c9b
 .debug_info    0x00000000      0x1bb ./src/global.o
 .debug_info    0x000001bb      0x39d ./src/infrared.o
 .debug_info    0x00000558      0x5de ./src/lcd.o
 .debug_info    0x00000b36      0x4c9 ./src/r_cg_adc.o
 .debug_info    0x00000fff      0x1d4 ./src/r_cg_adc_user.o
 .debug_info    0x000011d3      0x2be ./src/r_cg_cgc.o
 .debug_info    0x00001491      0x1bb ./src/r_cg_cgc_user.o
 .debug_info    0x0000164c      0x513 ./src/r_cg_intc.o
 .debug_info    0x00001b5f      0x222 ./src/r_cg_intc_user.o
 .debug_info    0x00001d81      0x2eb ./src/r_cg_pclbuz.o
 .debug_info    0x0000206c      0x1bb ./src/r_cg_pclbuz_user.o
 .debug_info    0x00002227      0x402 ./src/r_cg_port.o
 .debug_info    0x00002629      0x1bb ./src/r_cg_port_user.o
 .debug_info    0x000027e4      0x3d5 ./src/r_cg_rtc.o
 .debug_info    0x00002bb9      0x1bb ./src/r_cg_rtc_user.o
 .debug_info    0x00002d74      0x5d5 ./src/r_cg_serial.o
 .debug_info    0x00003349      0x2b7 ./src/r_cg_serial_user.o
 .debug_info    0x00003600      0x7c8 ./src/r_cg_timer.o
 .debug_info    0x00003dc8      0x310 ./src/r_cg_timer_user.o
 .debug_info    0x000040d8      0x269 ./src/r_cg_vector_table.o
 .debug_info    0x00004341      0x1e9 ./src/r_hardware_setup.o
 .debug_info    0x0000452a      0x6ed ./src/r_main.o
 .debug_info    0x00004c17       0x84 ./src/r_reset_program.o

.debug_abbrev   0x00000000     0x157b
 .debug_abbrev  0x00000000       0x81 ./src/global.o
 .debug_abbrev  0x00000081      0x12e ./src/infrared.o
 .debug_abbrev  0x000001af      0x1d9 ./src/lcd.o
 .debug_abbrev  0x00000388      0x13d ./src/r_cg_adc.o
 .debug_abbrev  0x000004c5       0x9d ./src/r_cg_adc_user.o
 .debug_abbrev  0x00000562       0xe6 ./src/r_cg_cgc.o
 .debug_abbrev  0x00000648       0x81 ./src/r_cg_cgc_user.o
 .debug_abbrev  0x000006c9      0x119 ./src/r_cg_intc.o
 .debug_abbrev  0x000007e2       0xa4 ./src/r_cg_intc_user.o
 .debug_abbrev  0x00000886       0xdb ./src/r_cg_pclbuz.o
 .debug_abbrev  0x00000961       0x81 ./src/r_cg_pclbuz_user.o
 .debug_abbrev  0x000009e2       0xdb ./src/r_cg_port.o
 .debug_abbrev  0x00000abd       0x81 ./src/r_cg_port_user.o
 .debug_abbrev  0x00000b3e      0x14e ./src/r_cg_rtc.o
 .debug_abbrev  0x00000c8c       0x81 ./src/r_cg_rtc_user.o
 .debug_abbrev  0x00000d0d      0x182 ./src/r_cg_serial.o
 .debug_abbrev  0x00000e8f      0x124 ./src/r_cg_serial_user.o
 .debug_abbrev  0x00000fb3      0x149 ./src/r_cg_timer.o
 .debug_abbrev  0x000010fc      0x105 ./src/r_cg_timer_user.o
 .debug_abbrev  0x00001201       0xb2 ./src/r_cg_vector_table.o
 .debug_abbrev  0x000012b3       0xb7 ./src/r_hardware_setup.o
 .debug_abbrev  0x0000136a      0x1fd ./src/r_main.o
 .debug_abbrev  0x00001567       0x14 ./src/r_reset_program.o

.debug_aranges  0x00000000      0x2b8
 .debug_aranges
                0x00000000       0x18 ./src/global.o
 .debug_aranges
                0x00000018       0x20 ./src/infrared.o
 .debug_aranges
                0x00000038       0x20 ./src/lcd.o
 .debug_aranges
                0x00000058       0x20 ./src/r_cg_adc.o
 .debug_aranges
                0x00000078       0x20 ./src/r_cg_adc_user.o
 .debug_aranges
                0x00000098       0x20 ./src/r_cg_cgc.o
 .debug_aranges
                0x000000b8       0x18 ./src/r_cg_cgc_user.o
 .debug_aranges
                0x000000d0       0x20 ./src/r_cg_intc.o
 .debug_aranges
                0x000000f0       0x20 ./src/r_cg_intc_user.o
 .debug_aranges
                0x00000110       0x20 ./src/r_cg_pclbuz.o
 .debug_aranges
                0x00000130       0x18 ./src/r_cg_pclbuz_user.o
 .debug_aranges
                0x00000148       0x20 ./src/r_cg_port.o
 .debug_aranges
                0x00000168       0x18 ./src/r_cg_port_user.o
 .debug_aranges
                0x00000180       0x20 ./src/r_cg_rtc.o
 .debug_aranges
                0x000001a0       0x18 ./src/r_cg_rtc_user.o
 .debug_aranges
                0x000001b8       0x20 ./src/r_cg_serial.o
 .debug_aranges
                0x000001d8       0x20 ./src/r_cg_serial_user.o
 .debug_aranges
                0x000001f8       0x20 ./src/r_cg_timer.o
 .debug_aranges
                0x00000218       0x20 ./src/r_cg_timer_user.o
 .debug_aranges
                0x00000238       0x20 ./src/r_cg_vector_table.o
 .debug_aranges
                0x00000258       0x20 ./src/r_hardware_setup.o
 .debug_aranges
                0x00000278       0x20 ./src/r_main.o
 .debug_aranges
                0x00000298       0x20 ./src/r_reset_program.o

.debug_line     0x00000000     0x232b
 .debug_line    0x00000000       0x69 ./src/global.o
 .debug_line    0x00000069      0x1c3 ./src/infrared.o
 .debug_line    0x0000022c      0x38c ./src/lcd.o
 .debug_line    0x000005b8      0x18b ./src/r_cg_adc.o
 .debug_line    0x00000743       0x92 ./src/r_cg_adc_user.o
 .debug_line    0x000007d5       0xeb ./src/r_cg_cgc.o
 .debug_line    0x000008c0       0x69 ./src/r_cg_cgc_user.o
 .debug_line    0x00000929      0x17a ./src/r_cg_intc.o
 .debug_line    0x00000aa3       0xb3 ./src/r_cg_intc_user.o
 .debug_line    0x00000b56       0xda ./src/r_cg_pclbuz.o
 .debug_line    0x00000c30       0x69 ./src/r_cg_pclbuz_user.o
 .debug_line    0x00000c99       0xf6 ./src/r_cg_port.o
 .debug_line    0x00000d8f       0x69 ./src/r_cg_port_user.o
 .debug_line    0x00000df8      0x27d ./src/r_cg_rtc.o
 .debug_line    0x00001075       0x69 ./src/r_cg_rtc_user.o
 .debug_line    0x000010de      0x272 ./src/r_cg_serial.o
 .debug_line    0x00001350      0x143 ./src/r_cg_serial_user.o
 .debug_line    0x00001493      0x397 ./src/r_cg_timer.o
 .debug_line    0x0000182a       0xf0 ./src/r_cg_timer_user.o
 .debug_line    0x0000191a       0x97 ./src/r_cg_vector_table.o
 .debug_line    0x000019b1       0xfb ./src/r_hardware_setup.o
 .debug_line    0x00001aac      0x720 ./src/r_main.o
 .debug_line    0x000021cc      0x15f ./src/r_reset_program.o

.debug_str      0x00000000      0xd5a
 .debug_str     0x00000000      0x200 ./src/global.o
                                0x20c (size before relaxing)
 .debug_str     0x00000200       0xd3 ./src/infrared.o
                                0x2d7 (size before relaxing)
 .debug_str     0x000002d3       0xfd ./src/lcd.o
                                0x318 (size before relaxing)
 .debug_str     0x000003d0       0xe6 ./src/r_cg_adc.o
                                0x331 (size before relaxing)
 .debug_str     0x000004b6       0x27 ./src/r_cg_adc_user.o
                                0x223 (size before relaxing)
 .debug_str     0x000004dd       0x35 ./src/r_cg_cgc.o
                                0x239 (size before relaxing)
 .debug_str     0x00000512       0x17 ./src/r_cg_cgc_user.o
                                0x213 (size before relaxing)
 .debug_str     0x00000529       0x7a ./src/r_cg_intc.o
                                0x2de (size before relaxing)
 .debug_str     0x000005a3       0x2a ./src/r_cg_intc_user.o
                                0x254 (size before relaxing)
 .debug_str     0x000005cd       0x4d ./src/r_cg_pclbuz.o
                                0x26a (size before relaxing)
 .debug_str     0x0000061a       0x1a ./src/r_cg_pclbuz_user.o
                                0x216 (size before relaxing)
 .debug_str     0x00000634       0x5b ./src/r_cg_port.o
                                0x289 (size before relaxing)
 .debug_str     0x0000068f       0x18 ./src/r_cg_port_user.o
                                0x214 (size before relaxing)
 .debug_str     0x000006a7       0xa2 ./src/r_cg_rtc.o
                                0x2e8 (size before relaxing)
 .debug_str     0x00000749       0x17 ./src/r_cg_rtc_user.o
                                0x213 (size before relaxing)
 .debug_str     0x00000760      0x109 ./src/r_cg_serial.o
                                0x372 (size before relaxing)
 .debug_str     0x00000869       0xc9 ./src/r_cg_serial_user.o
                                0x321 (size before relaxing)
 .debug_str     0x00000932      0x1bc ./src/r_cg_timer.o
                                0x498 (size before relaxing)
 .debug_str     0x00000aee       0xb5 ./src/r_cg_timer_user.o
                                0x2c7 (size before relaxing)
 .debug_str     0x00000ba3       0x4c ./src/r_cg_vector_table.o
                                0x250 (size before relaxing)
 .debug_str     0x00000bef       0x35 ./src/r_hardware_setup.o
                                0x231 (size before relaxing)
 .debug_str     0x00000c24      0x136 ./src/r_main.o
                                0x3b8 (size before relaxing)

.comment        0x00000000       0x94
 .comment       0x00000000       0x94 ./src/global.o
                                 0x95 (size before relaxing)
 .comment       0x00000000       0x95 ./src/infrared.o
 .comment       0x00000000       0x95 ./src/lcd.o
 .comment       0x00000000       0x95 ./src/r_cg_adc.o
 .comment       0x00000000       0x95 ./src/r_cg_adc_user.o
 .comment       0x00000000       0x95 ./src/r_cg_cgc.o
 .comment       0x00000000       0x95 ./src/r_cg_cgc_user.o
 .comment       0x00000000       0x95 ./src/r_cg_intc.o
 .comment       0x00000000       0x95 ./src/r_cg_intc_user.o
 .comment       0x00000000       0x95 ./src/r_cg_pclbuz.o
 .comment       0x00000000       0x95 ./src/r_cg_pclbuz_user.o
 .comment       0x00000000       0x95 ./src/r_cg_port.o
 .comment       0x00000000       0x95 ./src/r_cg_port_user.o
 .comment       0x00000000       0x95 ./src/r_cg_rtc.o
 .comment       0x00000000       0x95 ./src/r_cg_rtc_user.o
 .comment       0x00000000       0x95 ./src/r_cg_serial.o
 .comment       0x00000000       0x95 ./src/r_cg_serial_user.o
 .comment       0x00000000       0x95 ./src/r_cg_timer.o
 .comment       0x00000000       0x95 ./src/r_cg_timer_user.o
 .comment       0x00000000       0x95 ./src/r_cg_vector_table.o
 .comment       0x00000000       0x95 ./src/r_hardware_setup.o
 .comment       0x00000000       0x95 ./src/r_main.o
 .comment       0x00000000       0x95 C:\PROGRA~2\KPIT\GNURL7~1.02-\rl78-elf/rl78-elf/lib/g14\liboptc.a(strlen.o)

.debug_frame    0x00000000      0x8b8
 .debug_frame   0x00000000       0x44 ./src/infrared.o
 .debug_frame   0x00000044       0xec ./src/lcd.o
 .debug_frame   0x00000130       0x74 ./src/r_cg_adc.o
 .debug_frame   0x000001a4       0x40 ./src/r_cg_adc_user.o
 .debug_frame   0x000001e4       0x2c ./src/r_cg_cgc.o
 .debug_frame   0x00000210       0x44 ./src/r_cg_intc.o
 .debug_frame   0x00000254       0x5c ./src/r_cg_intc_user.o
 .debug_frame   0x000002b0       0x44 ./src/r_cg_pclbuz.o
 .debug_frame   0x000002f4       0x24 ./src/r_cg_port.o
 .debug_frame   0x00000318       0x74 ./src/r_cg_rtc.o
 .debug_frame   0x0000038c       0x94 ./src/r_cg_serial.o
 .debug_frame   0x00000420       0xec ./src/r_cg_serial_user.o
 .debug_frame   0x0000050c      0x100 ./src/r_cg_timer.o
 .debug_frame   0x0000060c      0x10c ./src/r_cg_timer_user.o
 .debug_frame   0x00000718       0x40 ./src/r_cg_vector_table.o
 .debug_frame   0x00000758       0x3c ./src/r_hardware_setup.o
 .debug_frame   0x00000794      0x124 ./src/r_main.o
