
Memory Configuration

Name             Origin             Length             Attributes
*default*        0x00000000         0xffffffff

Linker script and memory map


.vec            0x00000000        0x4
 *(.vec)
 .vec           0x00000000        0x4 ./src/r_cg_vector_table.o
                0x00000000                HardwareVectors

.vects          0x00000004       0x7c
 *(.vects)
 .vects         0x00000004       0x7c ./src/r_cg_vector_table.o
                0x00000004                Vectors

.option_bytes   0x000000c0        0x4
 *(.option_bytes)
 .option_bytes  0x000000c0        0x4 ./src/r_cg_vector_table.o
                0x000000c0                Option_Bytes

.security_id    0x000000c4        0xa
 *(.security_id)
 .security_id   0x000000c4        0xa ./src/r_cg_vector_table.o
                0x000000c4                Security_Id

.rodata         0x00001000        0x0
                0x00001000                . = ALIGN (0x2)
 *(.rodata)
 *(.rodata.*)
                0x00001000                _erodata = .

.text           0x000000ce      0xbbe
 *(.text)
 .text          0x000000ce       0x68 ./src/r_cg_cgc.o
                0x000000ce                R_CGC_Create
 .text          0x00000136       0x14 ./src/r_cg_cgc_user.o
                0x00000136                R_CGC_Get_ResetSource
 .text          0x0000014a      0x255 ./src/r_cg_intc.o
                0x0000014a                R_INTC_Create
                0x000002d3                R_INTC0_Start
                0x00000306                R_INTC0_Stop
                0x00000339                R_INTC1_Start
                0x0000036c                R_INTC1_Stop
 .text          0x0000039f       0x18 ./src/r_cg_intc_user.o
                0x0000039f                r_intc0_interrupt
                0x000003ab                r_intc1_interrupt
 .text          0x000003b7       0x3b ./src/r_cg_port.o
                0x000003b7                R_PORT_Create
 .text          0x000003f2        0x0 ./src/r_cg_port_user.o
 .text          0x000003f2      0x691 ./src/r_cg_timer.o
                0x000003f2                R_TAU0_Create
                0x0000085b                R_TAU0_Channel0_Start
                0x00000918                R_TAU0_Channel0_Stop
                0x000009cd                R_TAU0_Channel3_Start
                0x00000a28                R_TAU0_Channel3_Stop
 .text          0x00000a83       0xa8 ./src/r_cg_timer_user.o
                0x00000a83                r_tau0_channel0_interrupt
                0x00000ac4                r_tau0_channel1_interrupt
                0x00000b05                r_tau0_channel3_interrupt
 .text          0x00000b2b        0xc ./src/r_cg_vector_table.o
                0x00000b2b                R_Dummy
 .text          0x00000b37       0x8e ./src/r_cg_wdt.o
                0x00000b37                R_WDT_Create
                0x00000bb5                R_WDT_Restart
 .text          0x00000bc5        0xc ./src/r_cg_wdt_user.o
                0x00000bc5                r_wdt_interrupt
 .text          0x00000bd1       0x46 ./src/r_hardware_setup.o
                0x00000bd1                R_Systeminit
                0x00000c06                HardwareSetup
 .text          0x00000c17       0x14 ./src/r_main.o
                0x00000c17                main
                0x00000c27                R_MAIN_UserInit
 .text          0x00000c2b       0x60 ./src/r_reset_program.o
                0x00000c2d                PowerON_Reset
 *(.text.*)
                0x00000c8b                etext = .
                0x00000c8c                . = ALIGN (0x2)
 *fill*         0x00000c8b        0x1 

.plt            0x00000c8c        0x0
 .plt           0x00000c8c        0x0 ./src/r_cg_timer_user.o

.init
 *(.init)

.fini
 *(.fini)

.got
 *(.got)
 *(.got.plt)

.eh_frame_hdr
 *(.eh_frame_hdr)

.eh_frame
 *(.eh_frame)

.jcr
 *(.jcr)

.tors           0x00000c8c        0x0
                0x00000c8c                __CTOR_LIST__ = .
                0x00000c8c                . = ALIGN (0x2)
                0x00000c8c                ___ctors = .
 *(.ctors)
                0x00000c8c                ___ctors_end = .
                0x00000c8c                __CTOR_END__ = .
                0x00000c8c                __DTOR_LIST__ = .
                0x00000c8c                ___dtors = .
 *(.dtors)
                0x00000c8c                ___dtors_end = .
                0x00000c8c                __DTOR_END__ = .
                0x00000c8c                . = ALIGN (0x2)
                0x00000c8c                _mdata = .

.ocdStad
 *(.ocdStad)

.ocdRom
 *(.ocdRom)

.data           0x000ff900        0x0 load address 0x00000c8c
                0x000ff900                . = ALIGN (0x2)
                0x000ff900                _data = .
 *(.data)
 .data          0x000ff900        0x0 ./src/r_cg_cgc.o
 .data          0x000ff900        0x0 ./src/r_cg_cgc_user.o
 .data          0x000ff900        0x0 ./src/r_cg_intc.o
 .data          0x000ff900        0x0 ./src/r_cg_intc_user.o
 .data          0x000ff900        0x0 ./src/r_cg_port.o
 .data          0x000ff900        0x0 ./src/r_cg_port_user.o
 .data          0x000ff900        0x0 ./src/r_cg_timer.o
 .data          0x000ff900        0x0 ./src/r_cg_timer_user.o
 .data          0x000ff900        0x0 ./src/r_cg_vector_table.o
 .data          0x000ff900        0x0 ./src/r_cg_wdt.o
 .data          0x000ff900        0x0 ./src/r_cg_wdt_user.o
 .data          0x000ff900        0x0 ./src/r_hardware_setup.o
 .data          0x000ff900        0x0 ./src/r_main.o
 .data          0x000ff900        0x0 ./src/r_reset_program.o
 *(.data.*)
                0x000ff900                . = ALIGN (0x2)
                0x000ff900                _edata = .
                0x00000000                PROVIDE (__romdatacopysize, SIZEOF (.data))

.bss            0x000ff900        0x2 load address 0x00000c8c
                0x000ff900                . = ALIGN (0x2)
                0x000ff900                _bss = .
 *(.bss)
 .bss           0x000ff900        0x0 ./src/r_cg_cgc.o
 .bss           0x000ff900        0x0 ./src/r_cg_cgc_user.o
 .bss           0x000ff900        0x0 ./src/r_cg_intc.o
 .bss           0x000ff900        0x0 ./src/r_cg_intc_user.o
 .bss           0x000ff900        0x0 ./src/r_cg_port.o
 .bss           0x000ff900        0x0 ./src/r_cg_port_user.o
 .bss           0x000ff900        0x0 ./src/r_cg_timer.o
 .bss           0x000ff900        0x2 ./src/r_cg_timer_user.o
                0x000ff900                pwm_out
 .bss           0x000ff902        0x0 ./src/r_cg_vector_table.o
 .bss           0x000ff902        0x0 ./src/r_cg_wdt.o
 .bss           0x000ff902        0x0 ./src/r_cg_wdt_user.o
 .bss           0x000ff902        0x0 ./src/r_hardware_setup.o
 .bss           0x000ff902        0x0 ./src/r_main.o
 .bss           0x000ff902        0x0 ./src/r_reset_program.o
 *(.bss.**)
                0x000ff902                . = ALIGN (0x2)
 *(COMMON)
                0x000ff902                . = ALIGN (0x2)
                0x000ff902                _ebss = .
                0x000ff902                _end = .
                0x00000064                PROVIDE (stack_size, 0x64)

.stack          0x000ffe00        0x0
                0x000ffe00                _stack = .
                0x00000001                ASSERT ((_stack > (_end + stack_size)), Error: Too much data - no room left for the stack)
LOAD ./src/r_cg_cgc.o
LOAD ./src/r_cg_cgc_user.o
LOAD ./src/r_cg_intc.o
LOAD ./src/r_cg_intc_user.o
LOAD ./src/r_cg_port.o
LOAD ./src/r_cg_port_user.o
LOAD ./src/r_cg_timer.o
LOAD ./src/r_cg_timer_user.o
LOAD ./src/r_cg_vector_table.o
LOAD ./src/r_cg_wdt.o
LOAD ./src/r_cg_wdt_user.o
LOAD ./src/r_hardware_setup.o
LOAD ./src/r_main.o
LOAD ./src/r_reset_program.o
START GROUP
LOAD C:\PROGRA~2\KPIT\GNURL7~1.02-\rl78-elf/rl78-elf/lib/g13\liboptm.a
LOAD C:\PROGRA~2\KPIT\GNURL7~1.02-\rl78-elf/rl78-elf/lib/g13\liboptc.a
LOAD C:\PROGRA~2\KPIT\GNURL7~1.02-\rl78-elf/lib/gcc/rl78-elf/4.9-GNURL78_v15.02/g13\libgcc.a
LOAD C:\PROGRA~2\KPIT\GNURL7~1.02-\rl78-elf/rl78-elf/lib/g13\libsim.a
END GROUP
OUTPUT(RemoteController.x elf32-rl78)

.debug_frame    0x00000000      0x3b8
 .debug_frame   0x00000000       0x24 ./src/r_cg_cgc.o
 .debug_frame   0x00000024       0x2c ./src/r_cg_cgc_user.o
 .debug_frame   0x00000050       0x64 ./src/r_cg_intc.o
 .debug_frame   0x000000b4       0x6c ./src/r_cg_intc_user.o
 .debug_frame   0x00000120       0x24 ./src/r_cg_port.o
 .debug_frame   0x00000144       0x80 ./src/r_cg_timer.o
 .debug_frame   0x000001c4       0xd0 ./src/r_cg_timer_user.o
 .debug_frame   0x00000294       0x40 ./src/r_cg_vector_table.o
 .debug_frame   0x000002d4       0x34 ./src/r_cg_wdt.o
 .debug_frame   0x00000308       0x40 ./src/r_cg_wdt_user.o
 .debug_frame   0x00000348       0x3c ./src/r_hardware_setup.o
 .debug_frame   0x00000384       0x34 ./src/r_main.o

.debug_info     0x00000000     0x112c
 .debug_info    0x00000000      0x133 ./src/r_cg_cgc.o
 .debug_info    0x00000133       0x7b ./src/r_cg_cgc_user.o
 .debug_info    0x000001ae      0x34d ./src/r_cg_intc.o
 .debug_info    0x000004fb       0x72 ./src/r_cg_intc_user.o
 .debug_info    0x0000056d      0x178 ./src/r_cg_port.o
 .debug_info    0x000006e5       0x48 ./src/r_cg_port_user.o
 .debug_info    0x0000072d      0x3de ./src/r_cg_timer.o
 .debug_info    0x00000b0b      0x149 ./src/r_cg_timer_user.o
 .debug_info    0x00000c54      0x108 ./src/r_cg_vector_table.o
 .debug_info    0x00000d5c      0x202 ./src/r_cg_wdt.o
 .debug_info    0x00000f5e       0x61 ./src/r_cg_wdt_user.o
 .debug_info    0x00000fbf       0x7d ./src/r_hardware_setup.o
 .debug_info    0x0000103c       0x72 ./src/r_main.o
 .debug_info    0x000010ae       0x7e ./src/r_reset_program.o

.debug_abbrev   0x00000000      0x5db
 .debug_abbrev  0x00000000       0x82 ./src/r_cg_cgc.o
 .debug_abbrev  0x00000082       0x53 ./src/r_cg_cgc_user.o
 .debug_abbrev  0x000000d5       0xa4 ./src/r_cg_intc.o
 .debug_abbrev  0x00000179       0x37 ./src/r_cg_intc_user.o
 .debug_abbrev  0x000001b0       0x8f ./src/r_cg_port.o
 .debug_abbrev  0x0000023f       0x1b ./src/r_cg_port_user.o
 .debug_abbrev  0x0000025a       0xcd ./src/r_cg_timer.o
 .debug_abbrev  0x00000327       0x9e ./src/r_cg_timer_user.o
 .debug_abbrev  0x000003c5       0x7c ./src/r_cg_vector_table.o
 .debug_abbrev  0x00000441       0xa4 ./src/r_cg_wdt.o
 .debug_abbrev  0x000004e5       0x37 ./src/r_cg_wdt_user.o
 .debug_abbrev  0x0000051c       0x5c ./src/r_hardware_setup.o
 .debug_abbrev  0x00000578       0x4f ./src/r_main.o
 .debug_abbrev  0x000005c7       0x14 ./src/r_reset_program.o

.debug_aranges  0x00000000      0x1b8
 .debug_aranges
                0x00000000       0x20 ./src/r_cg_cgc.o
 .debug_aranges
                0x00000020       0x20 ./src/r_cg_cgc_user.o
 .debug_aranges
                0x00000040       0x20 ./src/r_cg_intc.o
 .debug_aranges
                0x00000060       0x20 ./src/r_cg_intc_user.o
 .debug_aranges
                0x00000080       0x20 ./src/r_cg_port.o
 .debug_aranges
                0x000000a0       0x18 ./src/r_cg_port_user.o
 .debug_aranges
                0x000000b8       0x20 ./src/r_cg_timer.o
 .debug_aranges
                0x000000d8       0x20 ./src/r_cg_timer_user.o
 .debug_aranges
                0x000000f8       0x20 ./src/r_cg_vector_table.o
 .debug_aranges
                0x00000118       0x20 ./src/r_cg_wdt.o
 .debug_aranges
                0x00000138       0x20 ./src/r_cg_wdt_user.o
 .debug_aranges
                0x00000158       0x20 ./src/r_hardware_setup.o
 .debug_aranges
                0x00000178       0x20 ./src/r_main.o
 .debug_aranges
                0x00000198       0x20 ./src/r_reset_program.o

.debug_line     0x00000000      0x939
 .debug_line    0x00000000       0x74 ./src/r_cg_cgc.o
 .debug_line    0x00000074       0x69 ./src/r_cg_cgc_user.o
 .debug_line    0x000000dd      0x129 ./src/r_cg_intc.o
 .debug_line    0x00000206       0x5a ./src/r_cg_intc_user.o
 .debug_line    0x00000260       0x81 ./src/r_cg_port.o
 .debug_line    0x000002e1       0x1d ./src/r_cg_port_user.o
 .debug_line    0x000002fe      0x1f6 ./src/r_cg_timer.o
 .debug_line    0x000004f4       0x9f ./src/r_cg_timer_user.o
 .debug_line    0x00000593       0x68 ./src/r_cg_vector_table.o
 .debug_line    0x000005fb       0x86 ./src/r_cg_wdt.o
 .debug_line    0x00000681       0x4d ./src/r_cg_wdt_user.o
 .debug_line    0x000006ce       0x9e ./src/r_hardware_setup.o
 .debug_line    0x0000076c       0x6e ./src/r_main.o
 .debug_line    0x000007da      0x15f ./src/r_reset_program.o

.debug_str      0x00000000      0x508
 .debug_str     0x00000000      0x14a ./src/r_cg_cgc.o
                                0x156 (size before relaxing)
 .debug_str     0x0000014a       0x40 ./src/r_cg_cgc_user.o
                                0x161 (size before relaxing)
 .debug_str     0x0000018a       0xbb ./src/r_cg_intc.o
                                0x1fd (size before relaxing)
 .debug_str     0x00000245       0x3c ./src/r_cg_intc_user.o
                                0x15d (size before relaxing)
 .debug_str     0x00000281       0x3d ./src/r_cg_port.o
                                0x16b (size before relaxing)
 .debug_str     0x000002be       0x18 ./src/r_cg_port_user.o
                                0x139 (size before relaxing)
 .debug_str     0x000002d6       0xc0 ./src/r_cg_timer.o
                                0x24f (size before relaxing)
 .debug_str     0x00000396       0x6f ./src/r_cg_timer_user.o
                                0x19e (size before relaxing)
 .debug_str     0x00000405       0x55 ./src/r_cg_vector_table.o
                                0x186 (size before relaxing)
 .debug_str     0x0000045a       0x2d ./src/r_cg_wdt.o
                                0x19d (size before relaxing)
 .debug_str     0x00000487       0x27 ./src/r_cg_wdt_user.o
                                0x148 (size before relaxing)
 .debug_str     0x000004ae       0x35 ./src/r_hardware_setup.o
                                0x156 (size before relaxing)
 .debug_str     0x000004e3       0x25 ./src/r_main.o
                                0x146 (size before relaxing)

.comment        0x00000000       0x94
 .comment       0x00000000       0x94 ./src/r_cg_cgc.o
                                 0x95 (size before relaxing)
 .comment       0x00000000       0x95 ./src/r_cg_cgc_user.o
 .comment       0x00000000       0x95 ./src/r_cg_intc.o
 .comment       0x00000000       0x95 ./src/r_cg_intc_user.o
 .comment       0x00000000       0x95 ./src/r_cg_port.o
 .comment       0x00000000       0x95 ./src/r_cg_port_user.o
 .comment       0x00000000       0x95 ./src/r_cg_timer.o
 .comment       0x00000000       0x95 ./src/r_cg_timer_user.o
 .comment       0x00000000       0x95 ./src/r_cg_vector_table.o
 .comment       0x00000000       0x95 ./src/r_cg_wdt.o
 .comment       0x00000000       0x95 ./src/r_cg_wdt_user.o
 .comment       0x00000000       0x95 ./src/r_hardware_setup.o
 .comment       0x00000000       0x95 ./src/r_main.o
